error[E0277]: the trait bound `ObjB: IsOutputType<__S>` is not satisfied
  --> fail/interface/trait/field_non_output_return_type.rs:10:21
   |
10 |     fn id(&self) -> ObjB;
   |                     ^^^^ the trait `IsOutputType<__S>` is not implemented for `ObjB`
