error[E0277]: the trait bound `[bool; 2]: From<[bool; 3]>` is not satisfied
 --> fail/interface/argument_wrong_default_array.rs:3:1
  |
3 | #[graphql_interface]
  | ^^^^^^^^^^^^^^^^^^^^ the trait `From<[bool; 3]>` is not implemented for `[bool; 2]`
  |
  = help: the following implementations were found:
            <&'a [ascii::ascii_char::AsciiChar] as From<&'a ascii::ascii_str::AsciiStr>>
            <&'a [u8] as From<&'a ascii::ascii_str::AsciiStr>>
            <&'a mut [ascii::ascii_char::AsciiChar] as From<&'a mut ascii::ascii_str::AsciiStr>>
            <[T; LANES] as From<Simd<T, LANES>>>
            <[bool; LANES] as From<Mask<T, LANES>>>
  = note: required because of the requirements on the impl of `Into<[bool; 2]>` for `[bool; 3]`
  = note: this error originates in the attribute macro `graphql_interface` (in Nightly builds, run with -Z macro-backtrace for more info)
